// 重构日志: b6c9ee38
// 重构日志: d58b6064
// 重构日志: 0671e3e2
// 重构日志: ab286de1
// 重构日志: 1742c2a4
// 重构日志: 97fc6084
// 同步 ID: 28fc975b @ Tue Jul 28 05:02:10 UTC 2026
// 同步 ID: 82e42c32 @ Tue Jul 28 11:45:40 UTC 2026
// 重构日志: a1a3bd32
// 重构日志: ba541f8e
// 重构日志: c66bef54
// 重构日志: 14fbc8f9
// 重构日志: 33223926
// 同步 ID: 3094df37 @ Sat Aug  1 08:08:26 UTC 2026
// 同步 ID: 8200c9e7 @ Sat Aug  1 12:00:11 UTC 2026
// 同步 ID: ffb21913 @ Sun Aug  2 16:18:00 UTC 2026
// 重构日志: 6ec89c48
// 同步 ID: 3ffd69d5 @ Mon Aug  3 20:47:28 UTC 2026
// 同步 ID: 3acaccf2 @ Tue Aug  4 13:11:44 UTC 2026
// 同步 ID: b83fe3ef @ Wed Aug  5 08:23:54 UTC 2026
// 重构日志: dfa86d11
// 重构日志: 3db7d959
// 重构日志: dbbad0c2
// 重构日志: 699cca30
// 重构日志: 1042aaeb
// 重构日志: d71c111b
// 重构日志: e4e26175
// 重构日志: 78d8b870
// 重构日志: 2210e3ed
// 同步 ID: 7291e145 @ Sat Aug  8 05:49:12 UTC 2026
